Load map
========

Module:  sub_ascii_numbers.obj
 Text segment:  204 bytes, load point 0x00400000
 Symbols:
                  Name Section Mode    Value
     sub_ascii_numbers   Text   RG  0x00400000
           A_FRAMESIZE          A   0x00000028
         subtract_loop   Text   R   0x00400058
                borrow   Text   R   0x00400094
  continue_subtraction   Text   R   0x00400078
       finish_function   Text   R   0x004000a0

Module:  sub_strings.obj
 Text segment:  240 bytes, load point 0x004000cc
 Data segment:  352 bytes, load point 0x10000000
 Symbols:
                  Name Section Mode    Value
            do_problem   Text   R   0x00400140
               result1   Data   R   0x100000aa
               result2   Data   R   0x100000bc
               result3   Data   R   0x100000d0
             problem1a   Data   R   0x100000e8
             problem1b   Data   R   0x100000fc
             problem1c   Data   R   0x10000110
              READ_INT          A   0x00000005
                str_a1   Data   R   0x10000000
                str_a2   Data   R   0x10000002
                str_a3   Data   R   0x10000004
             problem2a   Data   R   0x10000124
                str_a4   Data   R   0x10000009
             problem2b   Data   R   0x10000138
                str_a5   Data   R   0x1000000e
             problem2c   Data   R   0x1000014c
                str_a6   Data   R   0x10000013
                 out_a   Data   R   0x10000039
                 out_b   Data   R   0x1000006a
          DO_FRAMESIZE          A   0x00000010
              problem1   Data   R   0x100000d4
                str_b1   Data   R   0x10000018
                out_a2   Data   R   0x10000050
                str_b2   Data   R   0x10000023
                str_b3   Data   R   0x1000002e
                 buf_a   Data   R   0x1000004a
                 buf_b   Data   R   0x1000007b
                out_b2   Data   R   0x1000008a
          PRINT_STRING          A   0x00000004
                  main   Text   RG  0x004000cc
                buf_a2   Data   R   0x10000061
           M_FRAMESIZE          A   0x00000008
                buf_b2   Data   R   0x1000009b
             PRINT_INT          A   0x00000001

Module:  r2k_startup.obj
 Text segment:  36 bytes, load point 0x004001bc
 Symbols:
                  Name Section Mode    Value
             SYS_EXIT2          A   0x00000011
        __r2k__entry__   Text   RG  0x004001c0
